1>#  pruebas de mayores 2.
2>(1,f)(2,j)(3,c)(4,i)
3>(2,j)(4,i)
4>(1,b)(2,c)(3,h)(4,i)(5,e)(6,d)(7,g)(8,j)(9,a)(10,f)
5>(1,b)(2,c)(3,h)(4,i)(5,e)(6,d)(7,g)(8,j)(9,a)
6>(2,c)(3,h)(4,i)(5,e)(6,d)(7,g)(8,j)(9,a)(10,f)
7>(8,h)(9,i)(10,j)
8>(5,e)(6,f)(7,g)
9>(2,b)(3,c)(4,d)
10>(1,a)
11>(1,a)(2,j)(3,c)(4,m)
12>(1,b)(2,h)(3,t)(4,i)(5,e)(6,d)(7,g)(8,j)(9,z)(10,f)
13>(1,a)
14>(10,m)
15>(10,j)
16>Fin.
